# Mach,alpha,beta,config,CA,CY,CN,CLL,CLM,CLN,CA_min,CA_max,CA_std,CA_err,CY_min,CY_max,CY_std,CY_err,CN_min,CN_max,CN_std,CN_err,CLL_min,CLL_max,CLL_std,CLL_err,CLM_min,CLM_max,CLM_std,CLM_err,CLN_min,CLN_max,CLN_std,CLN_err,nIter,nStats
1.5,0.0,0.0,poweroff,0.747203,-0.00020184984000000004,-6.0120882e-05,nan,nan,nan,0.747203,0.747203,0.0,1.5273138690408154e-13,-0.000201863,-0.000201839,7.790661075930237e-09,1.1747607170486989e-08,-6.01283e-05,-6.01161e-05,3.3608742910140056e-09,2.4862009360307934e-08,nan,nan,nan,nan,nan,nan,nan,nan,nan,nan,nan,nan,200.0,50
