# Mach,alpha,beta,config,CA,CY,CN,CLL,CLM,CLN,CA_min,CA_max,CA_std,CA_err,CY_min,CY_max,CY_std,CY_err,CN_min,CN_max,CN_std,CN_err,CLL_min,CLL_max,CLL_std,CLL_err,CLM_min,CLM_max,CLM_std,CLM_err,CLN_min,CLN_max,CLN_std,CLN_err,nIter,nStats
