# Reference Area = 3.141590E+00
# Reference Length = 1.000000E+00
# Nominal moment reference point:
# XMRP = 0.000000E+00
# YMRP = 0.000000E+00
# ZMRP = 0.000000E+00
#
# Mach,alpha,beta,q,config,XMRP,YMRP,ZMRP,nIter,nStats
1.5,0.0,0.0,1250.0,poweroff,0.0,0.0,0.0,200,1
