# Mach,alpha,beta,q,config,CA,CY,CN,CAv,CYv,CNv,Cp_min,Cp_max,Ax,Ay,Az,nIter,nStats
