# Mach,alpha,beta,q,config,CA,CY,CN,CAv,CYv,CNv,Cp_min,Cp_max,Ax,Ay,Az,nIter,nStats
1.5,0.0,0.0,1250.0,poweroff,0.0,0.0,0.0,0.0,0.0,0.0,-0.47013,1.546718,0.0,0.0,0.0,200,1
