# Mach,alpha,beta,q,config,cp.std,nIter,nStats
1.5,0.0,0.0,1250.0,poweroff,0.419846997581228,200,50
