# mach,alpha,beta,q,T,config,Label,x,y,z,cp,nIter
