# mach,alpha,beta,q,T,config,Label,cap.cp_std,base.cp_std,body.cp_std,nIter,nStats
