# mach,alpha,beta,q,T,config,Label,CA,CY,CN,CAv,CYv,CNv,Cp_min,Cp_max,Ax,Ay,Az,nIter,nStats
