# mach,alpha,beta,q,T,config,Label,CA,CY,CN,CLL,CLM,CLN,CA_min,CA_max,CA_std,CA_err,CY_min,CY_max,CY_std,CY_err,CN_min,CN_max,CN_std,CN_err,CLL_min,CLL_max,CLL_std,CLL_err,CLM_min,CLM_max,CLM_std,CLM_err,CLN_min,CLN_max,CLN_std,CLN_err,nOrders,nIter,nStats
1.1,0.0,0.0,1250.0,475.33,bullet,,0.92266268246,-0.005705956563800001,-0.009040501572199999,0.00032592812749999994,0.035568910044,0.0080180576962,0.922662681,0.922662683,6.06959619053752e-10,2.6949532420163276e-09,-0.00570595899,-0.00570595589,8.283160991217132e-10,1.2516434855361187e-08,-0.00904050293,-0.00904050125,4.394919339385329e-10,7.765732335845939e-09,0.000325928126,0.000325928133,1.931320790040785e-12,2.541876972927635e-11,0.0355689088,0.0355689155,1.732646530464751e-09,3.165281782774289e-08,0.00801805488,0.00801806771,3.436588360574786e-09,5.133657377210777e-08,1.472438075847112,200,50
