# mach,alpha,beta,q,T,config,Label,CA,CY,CN,CAv,CYv,CNv,Cp_min,Cp_max,Ax,Ay,Az,nIter,nStats
1.1,0.0,0.0,1250.0,475.33,bullet,,0.0,0.0,0.0,0.0,0.0,0.0,-0.7139374613761902,1.3912304639816284,0.0,0.0,0.0,200,1
