# mach,alpha,beta,q,T,config,Label,x,y,z,cp,nIter
1.1,0.0,0.0,1250.0,475.33,bullet,,6.507408530346216e-21,6.939592983884767e-25,3.826058902812146e-22,1.3400436639785769,200
