# mach,alpha,beta,q,T,config,Label,cap.cp_std,base.cp_std,body.cp_std,nIter,nStats
1.1,0.0,0.0,1250.0,475.33,bullet,,0.5887333750724792,0.07427870482206345,0.23802433907985687,200,50
