# mach,alpha,beta,q,Re,config,2x.its,nIter,nStats
