# mach,alpha,beta,q,config,2x.its,nIter,nStats
0.8,4.0,0.0,1250.0,poweroff,3000.0,1500,200
