# Reference Area = 3.141590E+00
# Reference Length = 2.000000E+00
# Nominal moment reference point:
# XMRP = 2.500000E+00
# YMRP = 0.000000E+00
# ZMRP = 0.000000E+00
#
# mach,alpha,beta,q,config,XMRP,YMRP,ZMRP,nIter,nStats
