# mach,alpha,beta,q,Re,config,CA,CY,CN,CAv,CYv,CNv,Cp_min,Cp_max,Ax,Ay,Az,nIter,nStats
0.8,4.0,0.0,1250.0,250.0,poweroff,0.0,0.0,0.0,0.0,0.0,0.0,-1.1470956802368164,1.1650547981262207,0.0,0.0,0.0,1500.0,1
